kotlin version: 2.0.0
error message: Incremental compilation failed: The following FqNames can't be derived from DirtyData.dirtyLookupSymbols: com.redrum.rootedfirmwarelab.nativebridge.jni.NativeFirmwareBridge.
DirtyData = DirtyData(dirtyLookupSymbols=[LookupSymbol(name=ParseRequest, scope=com.redrum.rootedfirmwarelab.core.model), LookupSymbol(name=ToolLibrary, scope=com.redrum.rootedfirmwarelab.core.service), LookupSymbol(name=previewCommand, scope=com.redrum.rootedfirmwarelab.core.service.ToolLibrary), LookupSymbol(name=shellEscape, scope=com.redrum.rootedfirmwarelab.core.service.ToolLibrary), LookupSymbol(name=<SAM-CONSTRUCTOR>, scope=com.redrum.rootedfirmwarelab.core.service.ToolLibrary), LookupSymbol(name=Companion, scope=com.redrum.rootedfirmwarelab.nativebridge.jni.NativeFirmwareBridge), LookupSymbol(name=<SAM-CONSTRUCTOR>, scope=com.redrum.rootedfirmwarelab.nativebridge.jni.NativeFirmwareBridge), LookupSymbol(name=renderTemplate, scope=com.redrum.rootedfirmwarelab.core.service.ToolLibrary), LookupSymbol(name=executeShellCommand, scope=com.redrum.rootedfirmwarelab.core.service.ToolLibrary), LookupSymbol(name=placeholderCount, scope=com.redrum.rootedfirmwarelab.core.service.ToolLibrary), LookupSymbol(name=BinaryDeployer, scope=com.redrum.rootedfirmwarelab.core.service)], dirtyClassesFqNames=[com.redrum.rootedfirmwarelab.core.service.ToolLibrary, com.redrum.rootedfirmwarelab.core.service.BinaryDeployer, com.redrum.rootedfirmwarelab.core.model.ParseRequest, com.redrum.rootedfirmwarelab.nativebridge.jni.NativeFirmwareBridge.Companion, com.redrum.rootedfirmwarelab.nativebridge.jni.NativeFirmwareBridge], dirtyClassesFqNamesForceRecompile=[])
java.lang.IllegalStateException: The following FqNames can't be derived from DirtyData.dirtyLookupSymbols: com.redrum.rootedfirmwarelab.nativebridge.jni.NativeFirmwareBridge.
DirtyData = DirtyData(dirtyLookupSymbols=[LookupSymbol(name=ParseRequest, scope=com.redrum.rootedfirmwarelab.core.model), LookupSymbol(name=ToolLibrary, scope=com.redrum.rootedfirmwarelab.core.service), LookupSymbol(name=previewCommand, scope=com.redrum.rootedfirmwarelab.core.service.ToolLibrary), LookupSymbol(name=shellEscape, scope=com.redrum.rootedfirmwarelab.core.service.ToolLibrary), LookupSymbol(name=<SAM-CONSTRUCTOR>, scope=com.redrum.rootedfirmwarelab.core.service.ToolLibrary), LookupSymbol(name=Companion, scope=com.redrum.rootedfirmwarelab.nativebridge.jni.NativeFirmwareBridge), LookupSymbol(name=<SAM-CONSTRUCTOR>, scope=com.redrum.rootedfirmwarelab.nativebridge.jni.NativeFirmwareBridge), LookupSymbol(name=renderTemplate, scope=com.redrum.rootedfirmwarelab.core.service.ToolLibrary), LookupSymbol(name=executeShellCommand, scope=com.redrum.rootedfirmwarelab.core.service.ToolLibrary), LookupSymbol(name=placeholderCount, scope=com.redrum.rootedfirmwarelab.core.service.ToolLibrary), LookupSymbol(name=BinaryDeployer, scope=com.redrum.rootedfirmwarelab.core.service)], dirtyClassesFqNames=[com.redrum.rootedfirmwarelab.core.service.ToolLibrary, com.redrum.rootedfirmwarelab.core.service.BinaryDeployer, com.redrum.rootedfirmwarelab.core.model.ParseRequest, com.redrum.rootedfirmwarelab.nativebridge.jni.NativeFirmwareBridge.Companion, com.redrum.rootedfirmwarelab.nativebridge.jni.NativeFirmwareBridge], dirtyClassesFqNamesForceRecompile=[])
	at org.jetbrains.kotlin.incremental.classpathDiff.ClasspathChangesComputer.toProgramSymbols(ClasspathChangesComputer.kt:381)
	at org.jetbrains.kotlin.incremental.classpathDiff.ClasspathChangesComputer.computeFineGrainedKotlinClassChanges(ClasspathChangesComputer.kt:281)
	at org.jetbrains.kotlin.incremental.classpathDiff.ClasspathChangesComputer.computeKotlinClassChanges(ClasspathChangesComputer.kt:181)
	at org.jetbrains.kotlin.incremental.classpathDiff.ClasspathChangesComputer.computeClassChanges(ClasspathChangesComputer.kt:154)
	at org.jetbrains.kotlin.incremental.classpathDiff.ClasspathChangesComputer.computeChangedAndImpactedSet(ClasspathChangesComputer.kt:104)
	at org.jetbrains.kotlin.incremental.classpathDiff.ClasspathChangesComputer.computeClasspathChanges(ClasspathChangesComputer.kt:72)
	at org.jetbrains.kotlin.incremental.IncrementalJvmCompilerRunner.calculateSourcesToCompileImpl(IncrementalJvmCompilerRunner.kt:194)
	at org.jetbrains.kotlin.incremental.IncrementalJvmCompilerRunner.calculateSourcesToCompile(IncrementalJvmCompilerRunner.kt:132)
	at org.jetbrains.kotlin.incremental.IncrementalJvmCompilerRunner.calculateSourcesToCompile(IncrementalJvmCompilerRunner.kt:62)
	at org.jetbrains.kotlin.incremental.IncrementalCompilerRunner.tryCompileIncrementally$lambda$9$compile(IncrementalCompilerRunner.kt:225)
	at org.jetbrains.kotlin.incremental.IncrementalCompilerRunner.tryCompileIncrementally(IncrementalCompilerRunner.kt:267)
	at org.jetbrains.kotlin.incremental.IncrementalCompilerRunner.compile(IncrementalCompilerRunner.kt:120)
	at org.jetbrains.kotlin.daemon.CompileServiceImplBase.execIncrementalCompiler(CompileServiceImpl.kt:676)
	at org.jetbrains.kotlin.daemon.CompileServiceImplBase.access$execIncrementalCompiler(CompileServiceImpl.kt:92)
	at org.jetbrains.kotlin.daemon.CompileServiceImpl.compile(CompileServiceImpl.kt:1661)
	at java.base/jdk.internal.reflect.NativeMethodAccessorImpl.invoke0(Native Method)
	at java.base/jdk.internal.reflect.NativeMethodAccessorImpl.invoke(NativeMethodAccessorImpl.java:77)
	at java.base/jdk.internal.reflect.DelegatingMethodAccessorImpl.invoke(DelegatingMethodAccessorImpl.java:43)
	at java.base/java.lang.reflect.Method.invoke(Method.java:569)
	at java.rmi/sun.rmi.server.UnicastServerRef.dispatch(UnicastServerRef.java:360)
	at java.rmi/sun.rmi.transport.Transport$1.run(Transport.java:200)
	at java.rmi/sun.rmi.transport.Transport$1.run(Transport.java:197)
	at java.base/java.security.AccessController.doPrivileged(AccessController.java:712)
	at java.rmi/sun.rmi.transport.Transport.serviceCall(Transport.java:196)
	at java.rmi/sun.rmi.transport.tcp.TCPTransport.handleMessages(TCPTransport.java:587)
	at java.rmi/sun.rmi.transport.tcp.TCPTransport$ConnectionHandler.run0(TCPTransport.java:828)
	at java.rmi/sun.rmi.transport.tcp.TCPTransport$ConnectionHandler.lambda$run$0(TCPTransport.java:705)
	at java.base/java.security.AccessController.doPrivileged(AccessController.java:399)
	at java.rmi/sun.rmi.transport.tcp.TCPTransport$ConnectionHandler.run(TCPTransport.java:704)
	at java.base/java.util.concurrent.ThreadPoolExecutor.runWorker(ThreadPoolExecutor.java:1136)
	at java.base/java.util.concurrent.ThreadPoolExecutor$Worker.run(ThreadPoolExecutor.java:635)
	at java.base/java.lang.Thread.run(Thread.java:840)


